#-----------------------------------------------------------
# Vivado v2024.1 (64-bit)
# SW Build 5076996 on Wed May 22 18:37:14 MDT 2024
# IP Build 5075265 on Wed May 22 21:45:21 MDT 2024
# SharedData Build 5076995 on Wed May 22 18:29:18 MDT 2024
# Start of session at: Sun Dec  8 12:12:50 2024
# Process ID: 16480
# Current directory: C:/Users/Raine/Desktop/morse_code_translator/Morse_Code_Decoder/Morse_Code_Decoder.runs/impl_1
# Command line: vivado.exe -log top_module.vdi -applog -product Vivado -messageDb vivado.pb -mode batch -source top_module.tcl -notrace
# Log file: C:/Users/Raine/Desktop/morse_code_translator/Morse_Code_Decoder/Morse_Code_Decoder.runs/impl_1/top_module.vdi
# Journal file: C:/Users/Raine/Desktop/morse_code_translator/Morse_Code_Decoder/Morse_Code_Decoder.runs/impl_1\vivado.jou
# Running On        :Lorraine
# Platform          :Windows Server 2016 or Windows 10
# Operating System  :22621
# Processor Detail  :11th Gen Intel(R) Core(TM) i7-1165G7 @ 2.80GHz
# CPU Frequency     :2803 MHz
# CPU Physical cores:4
# CPU Logical cores :8
# Host memory       :12606 MB
# Swap memory       :9663 MB
# Total Virtual     :22270 MB
# Available Virtual :8521 MB
#-----------------------------------------------------------
source top_module.tcl -notrace
